<html>
<body>
<pre>
<h1>µVision Build Log</h1>
<h2>Tool Versions:</h2>
IDE-Version: ¦ÌVision V5.25.3.0
Copyright (C) 2018 ARM Ltd and ARM Germany GmbH. All rights reserved.
License Information: 1 kswy, 1, LIC=76F5U-S7TZZ-QDVKD-8VH6S-WWZZE-NQ2HG
 
Tool Versions:
Toolchain:       MDK-ARM Plus  Version: 5.15.0
Toolchain Path:  D:\keil5\ARM\ARMCC\Bin
C Compiler:      Armcc.exe V5.05 update 2 (build 169)
Assembler:       Armasm.exe V5.05 update 2 (build 169)
Linker/Locator:  ArmLink.exe V5.05 update 2 (build 169)
Library Manager: ArmAr.exe V5.05 update 2 (build 169)
Hex Converter:   FromElf.exe V5.05 update 2 (build 169)
CPU DLL:         SARMCM3.DLL V5.15.0
Dialog DLL:      DARMCM1.DLL V1.12.0.0
Target DLL:      CMSIS_AGDI.dll V1.21.12.0
Dialog DLL:      TARMCM1.DLL V1.9.0.0
 
<h2>Project:</h2>
D:\Data\Desktop\xiaosai\keil\m0.uvprojx
Project File Date:  02/22/2023

<h2>Output:</h2>
*** Using Compiler 'V5.05 update 2 (build 169)', folder: 'D:\keil5\ARM\ARMCC\Bin'
Build target 'Target 1'
compiling main.c...
linking...
.\m0.axf: Warning: L6305W: Image does not have an entry point. (Not specified or not set due to multiple choices.)
Program Size: Code=384 RO-data=84 RW-data=0 ZI-data=2144  
Finished: 0 information, 1 warning and 0 error messages.
After Build - User command #1: fromelf -cvf .\m0.axf --vhx --32x1 -o m0.hex
After Build - User command #2: fromelf -cvf .\m0.axf -o m0.txt
".\m0.axf" - 0 Error(s), 1 Warning(s).

<h2>Software Packages used:</h2>

Package Vendor: Keil
                http://www.keil.com/pack/Keil.V2M-MPS2_CMx_BSP.1.8.0.pack
                Keil.V2M-MPS2_CMx_BSP.1.8.0
                ARM V2M-MPS2 Board Support PACK for Cortex-M System Design Kit Devices

<h2>Collection of Component include folders:</h2>
  .\RTE\_Target_1
  D:\keil5\ARM\PACK\Keil\V2M-MPS2_CMx_BSP\1.8.0\Device\CMSDK_CM0\Include

<h2>Collection of Component Files used:</h2>
Build Time Elapsed:  00:00:01
</pre>
</body>
</html>
